// Jest Snapshot v1, https://goo.gl/fbAQLP

exports[`renders correctly 1`] = `
<div
  className="MuiPaper-root MuiCard-root makeStyles-root-1 MuiPaper-elevation1 MuiPaper-rounded"
>
  <img
    alt="sample.png"
    className="makeStyles-cover-4"
    id="sample.png"
    src=""
  />
  <div
    className="makeStyles-details-2"
  >
    <div
      className="MuiCardContent-root makeStyles-content-3"
    >
      <h6
        className="MuiTypography-root MuiTypography-subtitle1 MuiTypography-colorTextSecondary"
      >
        はぜや珈琲
        <svg
          aria-hidden={true}
          className="MuiSvgIcon-root"
          focusable="false"
          viewBox="0 0 24 24"
        >
          <path
            d="M7 18c-1.1 0-1.99.9-1.99 2S5.9 22 7 22s2-.9 2-2-.9-2-2-2zM1 2v2h2l3.6 7.59-1.35 2.45c-.16.28-.25.61-.25.96 0 1.1.9 2 2 2h12v-2H7.42c-.14 0-.25-.11-.25-.25l.03-.12.9-1.63h7.45c.75 0 1.41-.41 1.75-1.03l3.58-6.49c.08-.14.12-.31.12-.48 0-.55-.45-1-1-1H5.21l-.94-2H1zm16 16c-1.1 0-1.99.9-1.99 2s.89 2 1.99 2 2-.9 2-2-.9-2-2-2z"
          />
        </svg>
      </h6>
      <div
        className="makeStyles-coffeeName-5"
      >
        <div
          className="makeStyles-root-10"
        >
          <div
            className="MuiAvatar-root MuiAvatar-circle makeStyles-small-11"
          >
            <img
              alt="Remy Sharp"
              className="MuiAvatar-img"
              src="etiopia.png"
            />
          </div>
        </div>
        <h3
          className="MuiTypography-root makeStyles-bold-6 MuiTypography-h5"
        >
          エチオピア　ハロディ　ナチュラル
        </h3>
      </div>
      <h6
        className="MuiTypography-root MuiTypography-subtitle1 MuiTypography-colorTextSecondary"
      >
        City Roast
      </h6>
      <div
        className="makeStyles-chips-8"
      >
        <div
          className="makeStyles-root-13"
        >
          <div
            className="MuiButtonBase-root MuiChip-root MuiChip-clickable"
            onBlur={[Function]}
            onDragLeave={[Function]}
            onFocus={[Function]}
            onKeyDown={[Function]}
            onKeyUp={[Function]}
            onMouseDown={[Function]}
            onMouseLeave={[Function]}
            onMouseUp={[Function]}
            onTouchEnd={[Function]}
            onTouchMove={[Function]}
            onTouchStart={[Function]}
            role="button"
            tabIndex={0}
          >
            <p
              className="MuiChip-icon"
            >
              no icon
            </p>
            <span
              className="MuiChip-label"
            >
              dummy
            </span>
          </div>
        </div>
        <div
          className="makeStyles-root-13"
        >
          <div
            className="MuiButtonBase-root MuiChip-root MuiChip-clickable"
            onBlur={[Function]}
            onDragLeave={[Function]}
            onFocus={[Function]}
            onKeyDown={[Function]}
            onKeyUp={[Function]}
            onMouseDown={[Function]}
            onMouseLeave={[Function]}
            onMouseUp={[Function]}
            onTouchEnd={[Function]}
            onTouchMove={[Function]}
            onTouchStart={[Function]}
            role="button"
            tabIndex={0}
          >
            <p
              className="MuiChip-icon"
            >
              no icon
            </p>
            <span
              className="MuiChip-label"
            >
              dummy
            </span>
          </div>
        </div>
        <h6
          className="MuiTypography-root makeStyles-time-9 MuiTypography-subtitle1 MuiTypography-colorTextSecondary"
        >
          2021-3-14
        </h6>
      </div>
    </div>
  </div>
</div>
`;
